// Jest Snapshot v1, https://goo.gl/fbAQLP

exports[`Home renders correctly 1`] = `
<div
  class="home"
>
  <div
    class="home-header"
  >
    <h1>
      This is a redux Demo site
    </h1>
  </div>
  <div
    class="democontent"
  />
  <div>
    <button>
      <a
        href="all"
      >
        browser the popular Projects of github
      </a>
    </button>
  </div>
</div>
`;
